{
  "version": "1.5.0",
  "plugins_used": [
    {
      "name": "ArtifactoryDetector"
    },
    {
      "name": "AWSKeyDetector"
    },
    {
      "name": "AzureStorageKeyDetector"
    },
    {
      "name": "Base64HighEntropyString",
      "limit": 4.5
    },
    {
      "name": "BasicAuthDetector"
    },
    {
      "name": "CloudantDetector"
    },
    {
      "name": "DiscordBotTokenDetector"
    },
    {
      "name": "GitHubTokenDetector"
    },
    {
      "name": "GitLabTokenDetector"
    },
    {
      "name": "HexHighEntropyString",
      "limit": 3.0
    },
    {
      "name": "IbmCloudIamDetector"
    },
    {
      "name": "IbmCosHmacDetector"
    },
    {
      "name": "IPPublicDetector"
    },
    {
      "name": "JwtTokenDetector"
    },
    {
      "name": "KeywordDetector",
      "keyword_exclude": ""
    },
    {
      "name": "MailchimpDetector"
    },
    {
      "name": "NpmDetector"
    },
    {
      "name": "OpenAIDetector"
    },
    {
      "name": "PrivateKeyDetector"
    },
    {
      "name": "PypiTokenDetector"
    },
    {
      "name": "SendGridDetector"
    },
    {
      "name": "SlackDetector"
    },
    {
      "name": "SoftlayerDetector"
    },
    {
      "name": "SquareOAuthDetector"
    },
    {
      "name": "StripeDetector"
    },
    {
      "name": "TelegramBotTokenDetector"
    },
    {
      "name": "TwilioKeyDetector"
    }
  ],
  "filters_used": [
    {
      "path": "detect_secrets.filters.allowlist.is_line_allowlisted"
    },
    {
      "path": "detect_secrets.filters.common.is_baseline_file",
      "filename": ".secrets.baseline"
    },
    {
      "path": "detect_secrets.filters.common.is_ignored_due_to_verification_policies",
      "min_level": 2
    },
    {
      "path": "detect_secrets.filters.heuristic.is_indirect_reference"
    },
    {
      "path": "detect_secrets.filters.heuristic.is_likely_id_string"
    },
    {
      "path": "detect_secrets.filters.heuristic.is_lock_file"
    },
    {
      "path": "detect_secrets.filters.heuristic.is_not_alphanumeric_string"
    },
    {
      "path": "detect_secrets.filters.heuristic.is_potential_uuid"
    },
    {
      "path": "detect_secrets.filters.heuristic.is_prefixed_with_dollar_sign"
    },
    {
      "path": "detect_secrets.filters.heuristic.is_sequential_string"
    },
    {
      "path": "detect_secrets.filters.heuristic.is_swagger_file"
    },
    {
      "path": "detect_secrets.filters.heuristic.is_templated_secret"
    },
    {
      "path": "detect_secrets.filters.regex.should_exclude_file",
      "pattern": [
        "pnpm-lock[.]yaml|package-lock[.]json|yarn[.]lock|[.]lock|[.]log|[.]secrets[.]baseline"
      ]
    },
    {
      "path": "detect_secrets.filters.regex.should_exclude_line",
      "pattern": [
        "age1[02-9ac-hj-np-z]{58}"
      ]
    }
  ],
  "results": {
    "package.json": [
      {
        "type": "Secret Keyword",
        "filename": "package.json",
        "hashed_secret": "cb819c450f23938bfcb06fcee903160a7f536642",
        "is_verified": false,
        "line_number": 69
      }
    ],
    "packages/sync-protocol/test/deploy-version-contract.test.ts": [
      {
        "type": "Hex High Entropy String",
        "filename": "packages/sync-protocol/test/deploy-version-contract.test.ts",
        "hashed_secret": "fe5d43ea5798484e82cb5a74d040541a0ff9b437",
        "is_verified": false,
        "line_number": 28
      },
      {
        "type": "Secret Keyword",
        "filename": "packages/sync-protocol/test/deploy-version-contract.test.ts",
        "hashed_secret": "d14babe099a92466c4efa49400806772a6c097cd",
        "is_verified": false,
        "line_number": 57
      }
    ],
    "scripts/local-secret-guard.config.json": [
      {
        "type": "Hex High Entropy String",
        "filename": "scripts/local-secret-guard.config.json",
        "hashed_secret": "ff3f92acd5cd87cab2abc72d40c7919555c621e9",
        "is_verified": false,
        "line_number": 5
      }
    ],
    "scripts/local-secret-guard.test.ts": [
      {
        "type": "Secret Keyword",
        "filename": "scripts/local-secret-guard.test.ts",
        "hashed_secret": "c33210dd50e902613592b96476b0768908918209",
        "is_verified": false,
        "line_number": 28
      },
      {
        "type": "Secret Keyword",
        "filename": "scripts/local-secret-guard.test.ts",
        "hashed_secret": "95c2bafea92342d56d4a6284e7e5c6e8162e8813",
        "is_verified": false,
        "line_number": 84
      },
      {
        "type": "Hex High Entropy String",
        "filename": "scripts/local-secret-guard.test.ts",
        "hashed_secret": "90bd1b48e958257948487b90bee080ba5ed00caa",
        "is_verified": false,
        "line_number": 159
      }
    ],
    "scripts/prod-db-url.test.ts": [
      {
        "type": "Secret Keyword",
        "filename": "scripts/prod-db-url.test.ts",
        "hashed_secret": "c33210dd50e902613592b96476b0768908918209",
        "is_verified": false,
        "line_number": 36
      }
    ]
  },
  "generated_at": "2026-08-16T03:23:53Z"
}
